javascript:(function%20wrapper()%7Bfunction%20e()%7B%5B%5D.filter.call(document.getElementById(%22app-attendant%22).shadowRoot.getElementById(%22calendar%22).shadowRoot.getElementById(%22month-view%22).shadowRoot.querySelectorAll(%22.com-f-time%22)%2Cfunction(e)%7Breturn%20e.textContent.split(%22-%22)%5B1%5D.split(%22%3A%22)%5B0%5D.trim()%3E%3D20%7C%7Ce.textContent.split(%22-%22)%5B0%5D.split(%22%3A%22)%5B0%5D.trim()%3E%3D20%7D).forEach(function(e%2Ct)%7Bvar%20n%3De.querySelector(%22.x-xx-xxx%22)%3Be.style.position%3D%22relative%22%2Cn%7C%7C(n%3Ddocument.createElement(%22span%22)%2Cn.className%3D%22x-xx-xxx%22%2Cn.style.position%3D%22absolute%22%2Cn.style.lineHeight%3D%222em%22%2Cn.style.minWidth%3D%222em%22%2Cn.style.padding%3D%220%20.5em%22%2Cn.style.top%3D%22-2em%22%2Cn.style.right%3D%220%22%2Cn.style.borderRadius%3D%221em%22%2Cn.style.backgroundColor%3D%22red%22%2Cn.style.color%3D%22white%22%2Cn.style.fontWeight%3D%22bold%22%2Cn.style.textAlign%3D%22center%22%2Ce.appendChild(n))%2Cn.innerHTML%3Dt%2B1%7D)%7Dvar%20t%3Ddocument.createElement(%22script%22)%3Bt.innerText%3D%22!%22%2Be.toString()%2B%22()%22%2Cdocument.head.appendChild(t)%7D)()
